[debug] [2026-06-05T05:00:26.748Z] ----------------------------------------------------------------------
[debug] [2026-06-05T05:00:26.751Z] Command:       C:\Program Files\nodejs\node.exe C:\Users\younesstalha\AppData\Roaming\npm\node_modules\firebase-tools\lib\bin\firebase.js deploy --only functions:sendNotification
[debug] [2026-06-05T05:00:26.751Z] CLI Version:   15.9.1
[debug] [2026-06-05T05:00:26.751Z] Platform:      win32
[debug] [2026-06-05T05:00:26.752Z] Node Version:  v22.18.0
[debug] [2026-06-05T05:00:26.752Z] Time:          Fri Jun 05 2026 06:00:26 GMT+0100 (GMT+01:00)
[debug] [2026-06-05T05:00:26.752Z] ----------------------------------------------------------------------
[debug] 
[debug] [2026-06-05T05:00:26.754Z] >>> [apiv2][query] GET https://firebase-public.firebaseio.com/cli.json [none]
[debug] [2026-06-05T05:00:29.731Z] > command requires scopes: ["email","openid","https://www.googleapis.com/auth/cloudplatformprojects.readonly","https://www.googleapis.com/auth/firebase","https://www.googleapis.com/auth/cloud-platform"]
[debug] [2026-06-05T05:00:29.734Z] > authorizing via signed-in user (talhayouness2025@gmail.com)
[debug] [2026-06-05T05:00:29.735Z] [iam] checking project inevents-2fe56 for permissions ["cloudfunctions.functions.create","cloudfunctions.functions.delete","cloudfunctions.functions.get","cloudfunctions.functions.list","cloudfunctions.functions.update","cloudfunctions.operations.get","firebase.projects.get"]
[debug] [2026-06-05T05:00:29.736Z] Checked if tokens are valid: false, expires at: 1779678110070
[debug] [2026-06-05T05:00:29.736Z] Checked if tokens are valid: false, expires at: 1779678110070
[debug] [2026-06-05T05:00:29.737Z] > refreshing access token with scopes: []
[debug] [2026-06-05T05:00:29.739Z] >>> [apiv2][query] POST https://www.googleapis.com/oauth2/v3/token [none]
[debug] [2026-06-05T05:00:29.740Z] >>> [apiv2][body] POST https://www.googleapis.com/oauth2/v3/token [omitted]
[debug] [2026-06-05T05:00:29.919Z] <<< [apiv2][status] POST https://www.googleapis.com/oauth2/v3/token 200
[debug] [2026-06-05T05:00:29.919Z] <<< [apiv2][body] POST https://www.googleapis.com/oauth2/v3/token [omitted]
[debug] [2026-06-05T05:00:29.942Z] >>> [apiv2][query] POST https://cloudresourcemanager.googleapis.com/v1/projects/inevents-2fe56:testIamPermissions [none]
[debug] [2026-06-05T05:00:29.942Z] >>> [apiv2][(partial)header] POST https://cloudresourcemanager.googleapis.com/v1/projects/inevents-2fe56:testIamPermissions  x-goog-user-project=inevents-2fe56
[debug] [2026-06-05T05:00:29.942Z] >>> [apiv2][body] POST https://cloudresourcemanager.googleapis.com/v1/projects/inevents-2fe56:testIamPermissions {"permissions":["cloudfunctions.functions.create","cloudfunctions.functions.delete","cloudfunctions.functions.get","cloudfunctions.functions.list","cloudfunctions.functions.update","cloudfunctions.operations.get","firebase.projects.get"]}
[debug] [2026-06-05T05:00:30.033Z] <<< [apiv2][status] GET https://firebase-public.firebaseio.com/cli.json 200
[debug] [2026-06-05T05:00:30.033Z] <<< [apiv2][body] GET https://firebase-public.firebaseio.com/cli.json {"cloudBuildErrorAfter":1594252800000,"cloudBuildWarnAfter":1590019200000,"defaultNode10After":1594252800000,"minVersion":"3.0.5","node8DeploysDisabledAfter":1613390400000,"node8RuntimeDisabledAfter":1615809600000,"node8WarnAfter":1600128000000}
[debug] [2026-06-05T05:00:30.705Z] <<< [apiv2][status] POST https://cloudresourcemanager.googleapis.com/v1/projects/inevents-2fe56:testIamPermissions 200
[debug] [2026-06-05T05:00:30.705Z] <<< [apiv2][body] POST https://cloudresourcemanager.googleapis.com/v1/projects/inevents-2fe56:testIamPermissions {"permissions":["cloudfunctions.functions.create","cloudfunctions.functions.delete","cloudfunctions.functions.get","cloudfunctions.functions.list","cloudfunctions.functions.update","cloudfunctions.operations.get","firebase.projects.get"]}
[debug] [2026-06-05T05:00:30.705Z] Checked if tokens are valid: true, expires at: 1780639228919
[debug] [2026-06-05T05:00:30.705Z] Checked if tokens are valid: true, expires at: 1780639228919
[debug] [2026-06-05T05:00:30.705Z] >>> [apiv2][query] POST https://iam.googleapis.com/v1/projects/inevents-2fe56/serviceAccounts/inevents-2fe56@appspot.gserviceaccount.com:testIamPermissions [none]
[debug] [2026-06-05T05:00:30.705Z] >>> [apiv2][body] POST https://iam.googleapis.com/v1/projects/inevents-2fe56/serviceAccounts/inevents-2fe56@appspot.gserviceaccount.com:testIamPermissions {"permissions":["iam.serviceAccounts.actAs"]}
[debug] [2026-06-05T05:00:31.525Z] <<< [apiv2][status] POST https://iam.googleapis.com/v1/projects/inevents-2fe56/serviceAccounts/inevents-2fe56@appspot.gserviceaccount.com:testIamPermissions 404
[debug] [2026-06-05T05:00:31.525Z] <<< [apiv2][body] POST https://iam.googleapis.com/v1/projects/inevents-2fe56/serviceAccounts/inevents-2fe56@appspot.gserviceaccount.com:testIamPermissions {"error":{"code":404,"message":"Unknown service account","status":"NOT_FOUND"}}
[debug] [2026-06-05T05:00:31.526Z] [functions] service account IAM check errored, deploy may fail: Request to https://iam.googleapis.com/v1/projects/inevents-2fe56/serviceAccounts/inevents-2fe56@appspot.gserviceaccount.com:testIamPermissions had HTTP Error: 404, Unknown service account {"name":"FirebaseError","children":[],"context":{"body":{"error":{"code":404,"message":"Unknown service account","status":"NOT_FOUND"}},"response":{"statusCode":404}},"exit":1,"message":"Request to https://iam.googleapis.com/v1/projects/inevents-2fe56/serviceAccounts/inevents-2fe56@appspot.gserviceaccount.com:testIamPermissions had HTTP Error: 404, Unknown service account","status":404}
[info] 
[info] === Deploying to 'inevents-2fe56'...
[info] 
[info] i  deploying functions 
[debug] [2026-06-05T05:00:31.548Z] Checked if tokens are valid: true, expires at: 1780639228919
[debug] [2026-06-05T05:00:31.548Z] Checked if tokens are valid: true, expires at: 1780639228919
[debug] [2026-06-05T05:00:31.548Z] >>> [apiv2][query] GET https://serviceusage.googleapis.com/v1/projects/inevents-2fe56/services/cloudresourcemanager.googleapis.com [none]
[debug] [2026-06-05T05:00:31.549Z] >>> [apiv2][(partial)header] GET https://serviceusage.googleapis.com/v1/projects/inevents-2fe56/services/cloudresourcemanager.googleapis.com  x-goog-user-project=inevents-2fe56
[debug] [2026-06-05T05:00:32.543Z] <<< [apiv2][status] GET https://serviceusage.googleapis.com/v1/projects/inevents-2fe56/services/cloudresourcemanager.googleapis.com 200
[debug] [2026-06-05T05:00:32.543Z] <<< [apiv2][body] GET https://serviceusage.googleapis.com/v1/projects/inevents-2fe56/services/cloudresourcemanager.googleapis.com [omitted]
[debug] [2026-06-05T05:00:32.547Z] Checked if tokens are valid: true, expires at: 1780639228919
[debug] [2026-06-05T05:00:32.547Z] Checked if tokens are valid: true, expires at: 1780639228919
[debug] [2026-06-05T05:00:32.547Z] >>> [apiv2][query] GET https://cloudresourcemanager.googleapis.com/v1/projects/inevents-2fe56 [none]
[debug] [2026-06-05T05:00:32.759Z] <<< [apiv2][status] GET https://cloudresourcemanager.googleapis.com/v1/projects/inevents-2fe56 200
[debug] [2026-06-05T05:00:32.759Z] <<< [apiv2][body] GET https://cloudresourcemanager.googleapis.com/v1/projects/inevents-2fe56 {"projectNumber":"780609459655","projectId":"inevents-2fe56","lifecycleState":"ACTIVE","name":"inevents","labels":{"firebase":"enabled","firebase-core":"disabled"},"createTime":"2025-06-07T23:38:22.413528Z"}
[info] i  functions: preparing codebase default for deployment 
[info] i  functions: ensuring required API cloudfunctions.googleapis.com is enabled... 
[debug] [2026-06-05T05:00:32.765Z] Checked if tokens are valid: true, expires at: 1780639228919
[debug] [2026-06-05T05:00:32.765Z] Checked if tokens are valid: true, expires at: 1780639228919
[debug] [2026-06-05T05:00:32.766Z] Checked if tokens are valid: true, expires at: 1780639228919
[debug] [2026-06-05T05:00:32.766Z] Checked if tokens are valid: true, expires at: 1780639228919
[info] i  functions: ensuring required API cloudbuild.googleapis.com is enabled... 
[debug] [2026-06-05T05:00:32.775Z] Checked if tokens are valid: true, expires at: 1780639228919
[debug] [2026-06-05T05:00:32.776Z] Checked if tokens are valid: true, expires at: 1780639228919
[info] i  artifactregistry: ensuring required API artifactregistry.googleapis.com is enabled... 
[debug] [2026-06-05T05:00:32.777Z] Checked if tokens are valid: true, expires at: 1780639228919
[debug] [2026-06-05T05:00:32.777Z] Checked if tokens are valid: true, expires at: 1780639228919
[debug] [2026-06-05T05:00:32.778Z] >>> [apiv2][query] GET https://serviceusage.googleapis.com/v1/projects/inevents-2fe56/services/cloudfunctions.googleapis.com [none]
[debug] [2026-06-05T05:00:32.778Z] >>> [apiv2][(partial)header] GET https://serviceusage.googleapis.com/v1/projects/inevents-2fe56/services/cloudfunctions.googleapis.com  x-goog-user-project=inevents-2fe56
[debug] [2026-06-05T05:00:32.779Z] >>> [apiv2][query] GET https://serviceusage.googleapis.com/v1/projects/inevents-2fe56/services/runtimeconfig.googleapis.com [none]
[debug] [2026-06-05T05:00:32.779Z] >>> [apiv2][(partial)header] GET https://serviceusage.googleapis.com/v1/projects/inevents-2fe56/services/runtimeconfig.googleapis.com  x-goog-user-project=inevents-2fe56
[debug] [2026-06-05T05:00:32.782Z] >>> [apiv2][query] GET https://serviceusage.googleapis.com/v1/projects/inevents-2fe56/services/cloudbuild.googleapis.com [none]
[debug] [2026-06-05T05:00:32.782Z] >>> [apiv2][(partial)header] GET https://serviceusage.googleapis.com/v1/projects/inevents-2fe56/services/cloudbuild.googleapis.com  x-goog-user-project=inevents-2fe56
[debug] [2026-06-05T05:00:32.785Z] >>> [apiv2][query] GET https://serviceusage.googleapis.com/v1/projects/inevents-2fe56/services/artifactregistry.googleapis.com [none]
[debug] [2026-06-05T05:00:32.785Z] >>> [apiv2][(partial)header] GET https://serviceusage.googleapis.com/v1/projects/inevents-2fe56/services/artifactregistry.googleapis.com  x-goog-user-project=inevents-2fe56
[debug] [2026-06-05T05:00:33.156Z] <<< [apiv2][status] GET https://serviceusage.googleapis.com/v1/projects/inevents-2fe56/services/cloudfunctions.googleapis.com 200
[debug] [2026-06-05T05:00:33.156Z] <<< [apiv2][body] GET https://serviceusage.googleapis.com/v1/projects/inevents-2fe56/services/cloudfunctions.googleapis.com [omitted]
[warn] !  functions: missing required API cloudfunctions.googleapis.com. Enabling now... 
[debug] [2026-06-05T05:00:33.157Z] Checked if tokens are valid: true, expires at: 1780639228919
[debug] [2026-06-05T05:00:33.158Z] Checked if tokens are valid: true, expires at: 1780639228919
[debug] [2026-06-05T05:00:33.158Z] >>> [apiv2][query] POST https://serviceusage.googleapis.com/v1/projects/inevents-2fe56/services/cloudfunctions.googleapis.com:enable [none]
[debug] [2026-06-05T05:00:33.158Z] >>> [apiv2][(partial)header] POST https://serviceusage.googleapis.com/v1/projects/inevents-2fe56/services/cloudfunctions.googleapis.com:enable  x-goog-user-project=inevents-2fe56
[debug] [2026-06-05T05:00:33.635Z] <<< [apiv2][status] GET https://serviceusage.googleapis.com/v1/projects/inevents-2fe56/services/runtimeconfig.googleapis.com 200
[debug] [2026-06-05T05:00:33.635Z] <<< [apiv2][body] GET https://serviceusage.googleapis.com/v1/projects/inevents-2fe56/services/runtimeconfig.googleapis.com [omitted]
[debug] [2026-06-05T05:00:33.660Z] <<< [apiv2][status] GET https://serviceusage.googleapis.com/v1/projects/inevents-2fe56/services/cloudbuild.googleapis.com 200
[debug] [2026-06-05T05:00:33.660Z] <<< [apiv2][body] GET https://serviceusage.googleapis.com/v1/projects/inevents-2fe56/services/cloudbuild.googleapis.com [omitted]
[warn] !  functions: missing required API cloudbuild.googleapis.com. Enabling now... 
[debug] [2026-06-05T05:00:33.661Z] Checked if tokens are valid: true, expires at: 1780639228919
[debug] [2026-06-05T05:00:33.661Z] Checked if tokens are valid: true, expires at: 1780639228919
[debug] [2026-06-05T05:00:33.662Z] >>> [apiv2][query] POST https://serviceusage.googleapis.com/v1/projects/inevents-2fe56/services/cloudbuild.googleapis.com:enable [none]
[debug] [2026-06-05T05:00:33.662Z] >>> [apiv2][(partial)header] POST https://serviceusage.googleapis.com/v1/projects/inevents-2fe56/services/cloudbuild.googleapis.com:enable  x-goog-user-project=inevents-2fe56
[debug] [2026-06-05T05:00:33.663Z] <<< [apiv2][status] GET https://serviceusage.googleapis.com/v1/projects/inevents-2fe56/services/artifactregistry.googleapis.com 200
[debug] [2026-06-05T05:00:33.663Z] <<< [apiv2][body] GET https://serviceusage.googleapis.com/v1/projects/inevents-2fe56/services/artifactregistry.googleapis.com [omitted]
[warn] !  artifactregistry: missing required API artifactregistry.googleapis.com. Enabling now... 
[debug] [2026-06-05T05:00:33.664Z] Checked if tokens are valid: true, expires at: 1780639228919
[debug] [2026-06-05T05:00:33.664Z] Checked if tokens are valid: true, expires at: 1780639228919
[debug] [2026-06-05T05:00:33.664Z] >>> [apiv2][query] POST https://serviceusage.googleapis.com/v1/projects/inevents-2fe56/services/artifactregistry.googleapis.com:enable [none]
[debug] [2026-06-05T05:00:33.664Z] >>> [apiv2][(partial)header] POST https://serviceusage.googleapis.com/v1/projects/inevents-2fe56/services/artifactregistry.googleapis.com:enable  x-goog-user-project=inevents-2fe56
[debug] [2026-06-05T05:00:34.295Z] <<< [apiv2][status] POST https://serviceusage.googleapis.com/v1/projects/inevents-2fe56/services/cloudbuild.googleapis.com:enable 200
[debug] [2026-06-05T05:00:34.296Z] <<< [apiv2][body] POST https://serviceusage.googleapis.com/v1/projects/inevents-2fe56/services/cloudbuild.googleapis.com:enable [omitted]
[debug] [2026-06-05T05:00:34.389Z] <<< [apiv2][status] POST https://serviceusage.googleapis.com/v1/projects/inevents-2fe56/services/cloudfunctions.googleapis.com:enable 200
[debug] [2026-06-05T05:00:34.389Z] <<< [apiv2][body] POST https://serviceusage.googleapis.com/v1/projects/inevents-2fe56/services/cloudfunctions.googleapis.com:enable [omitted]
[debug] [2026-06-05T05:00:34.521Z] <<< [apiv2][status] POST https://serviceusage.googleapis.com/v1/projects/inevents-2fe56/services/artifactregistry.googleapis.com:enable 200
[debug] [2026-06-05T05:00:34.522Z] <<< [apiv2][body] POST https://serviceusage.googleapis.com/v1/projects/inevents-2fe56/services/artifactregistry.googleapis.com:enable [omitted]
[debug] [2026-06-05T05:00:44.539Z] Checked if tokens are valid: true, expires at: 1780639228919
[debug] [2026-06-05T05:00:44.540Z] Checked if tokens are valid: true, expires at: 1780639228919
[debug] [2026-06-05T05:00:44.540Z] >>> [apiv2][query] GET https://firebase.googleapis.com/v1beta1/projects/inevents-2fe56/adminSdkConfig [none]
[debug] [2026-06-05T05:00:45.190Z] <<< [apiv2][status] GET https://firebase.googleapis.com/v1beta1/projects/inevents-2fe56/adminSdkConfig 200
[debug] [2026-06-05T05:00:45.190Z] <<< [apiv2][body] GET https://firebase.googleapis.com/v1beta1/projects/inevents-2fe56/adminSdkConfig {"projectId":"inevents-2fe56","storageBucket":"inevents-2fe56.firebasestorage.app"}
[debug] [2026-06-05T05:00:45.190Z] Checked if tokens are valid: true, expires at: 1780639228919
[debug] [2026-06-05T05:00:45.190Z] Checked if tokens are valid: true, expires at: 1780639228919
[debug] [2026-06-05T05:00:45.190Z] >>> [apiv2][query] GET https://runtimeconfig.googleapis.com/v1beta1/projects/inevents-2fe56/configs [none]
[debug] [2026-06-05T05:00:45.574Z] <<< [apiv2][status] GET https://runtimeconfig.googleapis.com/v1beta1/projects/inevents-2fe56/configs 200
[debug] [2026-06-05T05:00:45.574Z] <<< [apiv2][body] GET https://runtimeconfig.googleapis.com/v1beta1/projects/inevents-2fe56/configs {}
[debug] [2026-06-05T05:00:45.577Z] Validating nodejs source
[warn] !  functions: Runtime Node.js 20 was deprecated on 2026-04-30 and will be decommissioned on 2026-10-30, after which you will not be able to deploy without upgrading. Consider upgrading now to avoid disruption. See https://cloud.google.com/functions/docs/runtime-support for full details on the lifecycle policy 
[warn] !  functions: Couldn't find firebase-functions package in your source code. Have you run 'npm install'? 
[debug] [2026-06-05T05:00:45.580Z] getFunctionsSDKVersion encountered error: Cannot find module 'firebase-functions'
Require stack:
- C:\Users\younesstalha\AppData\Roaming\npm\node_modules\firebase-tools\lib\deploy\functions\runtimes\node\versioning.js
- C:\Users\younesstalha\AppData\Roaming\npm\node_modules\firebase-tools\lib\deploy\functions\runtimes\node\index.js
- C:\Users\younesstalha\AppData\Roaming\npm\node_modules\firebase-tools\lib\deploy\functions\runtimes\index.js
- C:\Users\younesstalha\AppData\Roaming\npm\node_modules\firebase-tools\lib\deploy\functions\prepare.js
- C:\Users\younesstalha\AppData\Roaming\npm\node_modules\firebase-tools\lib\emulator\functionsEmulatorShared.js
- C:\Users\younesstalha\AppData\Roaming\npm\node_modules\firebase-tools\lib\frameworks\index.js
- C:\Users\younesstalha\AppData\Roaming\npm\node_modules\firebase-tools\lib\deploy\hosting\prepare.js
- C:\Users\younesstalha\AppData\Roaming\npm\node_modules\firebase-tools\lib\deploy\hosting\index.js
- C:\Users\younesstalha\AppData\Roaming\npm\node_modules\firebase-tools\lib\deploy\index.js
- C:\Users\younesstalha\AppData\Roaming\npm\node_modules\firebase-tools\lib\commands\deploy.js
- C:\Users\younesstalha\AppData\Roaming\npm\node_modules\firebase-tools\lib\commands\index.js
- C:\Users\younesstalha\AppData\Roaming\npm\node_modules\firebase-tools\lib\index.js
- C:\Users\younesstalha\AppData\Roaming\npm\node_modules\firebase-tools\lib\bin\cli.js
- C:\Users\younesstalha\AppData\Roaming\npm\node_modules\firebase-tools\lib\bin\firebase.js {"code":"MODULE_NOT_FOUND","requireStack":["C:\\Users\\younesstalha\\AppData\\Roaming\\npm\\node_modules\\firebase-tools\\lib\\deploy\\functions\\runtimes\\node\\versioning.js","C:\\Users\\younesstalha\\AppData\\Roaming\\npm\\node_modules\\firebase-tools\\lib\\deploy\\functions\\runtimes\\node\\index.js","C:\\Users\\younesstalha\\AppData\\Roaming\\npm\\node_modules\\firebase-tools\\lib\\deploy\\functions\\runtimes\\index.js","C:\\Users\\younesstalha\\AppData\\Roaming\\npm\\node_modules\\firebase-tools\\lib\\deploy\\functions\\prepare.js","C:\\Users\\younesstalha\\AppData\\Roaming\\npm\\node_modules\\firebase-tools\\lib\\emulator\\functionsEmulatorShared.js","C:\\Users\\younesstalha\\AppData\\Roaming\\npm\\node_modules\\firebase-tools\\lib\\frameworks\\index.js","C:\\Users\\younesstalha\\AppData\\Roaming\\npm\\node_modules\\firebase-tools\\lib\\deploy\\hosting\\prepare.js","C:\\Users\\younesstalha\\AppData\\Roaming\\npm\\node_modules\\firebase-tools\\lib\\deploy\\hosting\\index.js","C:\\Users\\younesstalha\\AppData\\Roaming\\npm\\node_modules\\firebase-tools\\lib\\deploy\\index.js","C:\\Users\\younesstalha\\AppData\\Roaming\\npm\\node_modules\\firebase-tools\\lib\\commands\\deploy.js","C:\\Users\\younesstalha\\AppData\\Roaming\\npm\\node_modules\\firebase-tools\\lib\\commands\\index.js","C:\\Users\\younesstalha\\AppData\\Roaming\\npm\\node_modules\\firebase-tools\\lib\\index.js","C:\\Users\\younesstalha\\AppData\\Roaming\\npm\\node_modules\\firebase-tools\\lib\\bin\\cli.js","C:\\Users\\younesstalha\\AppData\\Roaming\\npm\\node_modules\\firebase-tools\\lib\\bin\\firebase.js"]}
[debug] [2026-06-05T05:00:45.581Z] checkFunctionsSDKVersion encountered error: Invalid Version:  {}
[debug] [2026-06-05T05:00:45.582Z] > [functions] package.json contents: {
  "name": "inevents-functions",
  "private": true,
  "main": "index.js",
  "engines": {
    "node": "20"
  },
  "dependencies": {
    "firebase-admin": "^12.7.0",
    "firebase-functions": "^5.1.1",
    "nodemailer": "^6.9.15"
  }
}
[debug] [2026-06-05T05:00:45.582Z] Building nodejs source
[info] i  functions: Loading and analyzing source code for codebase default to determine what to deploy 
[debug] [2026-06-05T05:00:45.583Z] Could not parse firebase-functions version '' into semver.
[debug] [2026-06-05T05:00:45.583Z] Could not find functions.yaml. Must use http discovery
[debug] [2026-06-05T05:00:45.593Z] Error: Cannot find module 'firebase-functions'
Require stack:
- C:\Users\younesstalha\AppData\Roaming\npm\node_modules\firebase-tools\lib\deploy\functions\runtimes\node\index.js
- C:\Users\younesstalha\AppData\Roaming\npm\node_modules\firebase-tools\lib\deploy\functions\runtimes\index.js
- C:\Users\younesstalha\AppData\Roaming\npm\node_modules\firebase-tools\lib\deploy\functions\prepare.js
- C:\Users\younesstalha\AppData\Roaming\npm\node_modules\firebase-tools\lib\emulator\functionsEmulatorShared.js
- C:\Users\younesstalha\AppData\Roaming\npm\node_modules\firebase-tools\lib\frameworks\index.js
- C:\Users\younesstalha\AppData\Roaming\npm\node_modules\firebase-tools\lib\deploy\hosting\prepare.js
- C:\Users\younesstalha\AppData\Roaming\npm\node_modules\firebase-tools\lib\deploy\hosting\index.js
- C:\Users\younesstalha\AppData\Roaming\npm\node_modules\firebase-tools\lib\deploy\index.js
- C:\Users\younesstalha\AppData\Roaming\npm\node_modules\firebase-tools\lib\commands\deploy.js
- C:\Users\younesstalha\AppData\Roaming\npm\node_modules\firebase-tools\lib\commands\index.js
- C:\Users\younesstalha\AppData\Roaming\npm\node_modules\firebase-tools\lib\index.js
- C:\Users\younesstalha\AppData\Roaming\npm\node_modules\firebase-tools\lib\bin\cli.js
- C:\Users\younesstalha\AppData\Roaming\npm\node_modules\firebase-tools\lib\bin\firebase.js
    at Function._resolveFilename (node:internal/modules/cjs/loader:1365:15)
    at Function.resolve (node:internal/modules/helpers:145:19)
    at Delegate.findFunctionsBinary (C:\Users\younesstalha\AppData\Roaming\npm\node_modules\firebase-tools\lib\deploy\functions\runtimes\node\index.js:101:33)
    at Delegate.spawnFunctionsProcess (C:\Users\younesstalha\AppData\Roaming\npm\node_modules\firebase-tools\lib\deploy\functions\runtimes\node\index.js:131:30)
    at Delegate.serveAdmin (C:\Users\younesstalha\AppData\Roaming\npm\node_modules\firebase-tools\lib\deploy\functions\runtimes\node\index.js:152:35)
    at Delegate.discoverBuild (C:\Users\younesstalha\AppData\Roaming\npm\node_modules\firebase-tools\lib\deploy\functions\runtimes\node\index.js:192:41)
    at process.processTicksAndRejections (node:internal/process/task_queues:105:5)
    at async loadCodebases (C:\Users\younesstalha\AppData\Roaming\npm\node_modules\firebase-tools\lib\deploy\functions\prepare.js:334:33)
    at async prepare (C:\Users\younesstalha\AppData\Roaming\npm\node_modules\firebase-tools\lib\deploy\functions\prepare.js:69:24)
    at async chain (C:\Users\younesstalha\AppData\Roaming\npm\node_modules\firebase-tools\lib\deploy\index.js:45:9)
[error] 
[error] Error: An unexpected error has occurred.
